
> erp-backend@1.0.0 test
> jest

node.exe : [baseline-browser-mapping] The 
data in this module is over two months 
old.  To ensure accurate Baseline data, 
please update: `npm i 
baseline-browser-mapping@latest -D`
At line:1 char:1
+ & "C:\Program Files\nodejs/node.exe" 
"C:\Program Files\nodejs/node_mo ...
+ ~~~~~~~~~~~~~~~~~~~~~~~~~~~~~~~~~~~~~~~~
~~~~~~~~~~~~~~~~~~~~~~~~~~~~~
    + CategoryInfo          : NotSpecifie 
   d: ([baseline-brows...ping@latest -D`  
  :String) [], RemoteException
    + FullyQualifiedErrorId : NativeComma 
   ndError
 
  console.log
    [Confirm Order] Starting product/inventory processing for DO DO-1

      at DispatchOrderService.log [as confirmDispatchOrder] (services/DispatchOrderService.js:727:17)

  console.log
    Completed image deletion process for dispatch order: order123

      at DispatchOrderService.log [as deleteDispatchOrder] (services/DispatchOrderService.js:1143:25)

FAIL tests/unit/services/DispatchOrderServ
ice.test.js
  DispatchOrderService
    createDispatchOrder
      ÔêÜ should throw error if logistics 
company is invalid (23 ms)
      ÔêÜ should create a dispatch order 
successfully (2 ms)
    createManualEntry
      ÔêÜ should calculate landed costs 
correctly (2 ms)
    getDispatchOrders
      ÔêÜ should get paginated orders (2 
ms)
    getUnpaidOrders
      ÔêÜ should return only orders with 
remaining balance (5 ms)
    updateDispatchOrderStatus
      ÔêÜ should update status 
successfully (4 ms)
    submitForApproval
      ÔêÜ should update for approval (4 
ms)
    confirmDispatchOrder
      ÔêÜ should confirm order, create 
inventory, and ledger entries (27 ms)
    updateDispatchOrder
      ├ù should update dispatch order 
successfully (3 ms)
      ÔêÜ should throw error if order not 
found (1 ms)
      ÔêÜ should throw error if order is 
not pending (1 ms)
    deleteDispatchOrder
      ÔêÜ should delete dispatch order 
successfully (3 ms)
      ÔêÜ should throw error if 
permission denied (1 ms)

  ÔùÅ DispatchOrderService ÔÇ║ 
updateDispatchOrder ÔÇ║ should update 
dispatch order successfully

    Invalid item data: "itemIndex" is not 
allowed

    [0m [90m 1074 |[39m             
[36mfor[39m ([36mconst[39m item 
[36mof[39m updateData[33m.[39mitems) {
     [90m 1075 |[39m                 
[36mconst[39m { error[33m,[39m value 
} [33m=[39m dispatchItemSchema[33m.[39
mvalidate(item)[33m;[39m
    [31m[1m>[22m[39m[90m 1076 |[39m 
                [36mif[39m (error) 
[36mthrow[39m [36mnew[39m 
[33mError[39m([32m`Invalid item data: $
{error.details[0].message}`[39m)[33m;[3
9m
     [90m      |[39m                    
              [31m[1m^[22m[39m
     [90m 1077 |[39m                 pro
cessedItems[33m.[39mpush(value)[33m;[3
9m
     [90m 1078 |[39m             }
     [90m 1079 |[39m             
updateData[33m.[39mitems [33m=[39m 
processedItems[33m;[39m[0m

      at 
DispatchOrderService.updateDispatchOrder 
(services/DispatchOrderService.js:1076:34)
      at Object.<anonymous> (tests/unit/se
rvices/DispatchOrderService.test.js:209:28
)

Test Suites: 1 failed, 1 total
Tests:       1 failed, 12 passed, 13 total
Snapshots:   0 total
Time:        1.885 s, estimated 3 s
Ran all test suites.
